// Jest Snapshot v1, https://jestjs.io/docs/snapshot-testing

exports[`button className baseline (#144) AccentButton size=lg 1`] = `"inline-flex items-center justify-center gap-2 whitespace-nowrap font-medium disabled:pointer-events-none disabled:opacity-50 [&_svg]:pointer-events-none [&_svg:not([class*='size-'])]:size-4 shrink-0 [&_svg]:shrink-0 outline-none focus-visible:border-ring aria-invalid:ring-destructive/20 aria-invalid:border-destructive shadow-xs hover:text-accent-foreground py-2 has-[>svg]:px-3 text-base h-11 px-6 rounded-md transition-[color,background-color,border-color,box-shadow,transform] border border-rule bg-gold-soft text-ink hover:bg-gold-soft/80 hover:-translate-y-px active:opacity-90 focus-visible:outline-none focus-visible:ring-2 focus-visible:ring-gold focus-visible:ring-offset-2"`;

exports[`button className baseline (#144) AccentButton size=md 1`] = `"inline-flex items-center justify-center gap-2 whitespace-nowrap font-medium disabled:pointer-events-none disabled:opacity-50 [&_svg]:pointer-events-none [&_svg:not([class*='size-'])]:size-4 shrink-0 [&_svg]:shrink-0 outline-none focus-visible:border-ring aria-invalid:ring-destructive/20 aria-invalid:border-destructive shadow-xs hover:text-accent-foreground py-2 has-[>svg]:px-3 text-sm h-10 px-5 rounded-md transition-[color,background-color,border-color,box-shadow,transform] border border-rule bg-gold-soft text-ink hover:bg-gold-soft/80 hover:-translate-y-px active:opacity-90 focus-visible:outline-none focus-visible:ring-2 focus-visible:ring-gold focus-visible:ring-offset-2"`;

exports[`button className baseline (#144) AccentButton size=sm 1`] = `"inline-flex items-center justify-center gap-2 whitespace-nowrap font-medium disabled:pointer-events-none disabled:opacity-50 [&_svg]:pointer-events-none [&_svg:not([class*='size-'])]:size-4 shrink-0 [&_svg]:shrink-0 outline-none focus-visible:border-ring aria-invalid:ring-destructive/20 aria-invalid:border-destructive shadow-xs hover:text-accent-foreground py-2 has-[>svg]:px-3 text-sm h-9 px-4 rounded-md transition-[color,background-color,border-color,box-shadow,transform] border border-rule bg-gold-soft text-ink hover:bg-gold-soft/80 hover:-translate-y-px active:opacity-90 focus-visible:outline-none focus-visible:ring-2 focus-visible:ring-gold focus-visible:ring-offset-2"`;

exports[`button className baseline (#144) GlassButton default 1`] = `"w-full h-12 flex items-center justify-center gap-2 rounded-md px-3 py-2.5 text-left outline-hidden transition-colors font-semibold bg-card text-ink border border-rule shadow-xs [&>svg]:text-ink [&>svg]:stroke-[2] hover:bg-parchment-deep hover:border-rule-strong focus-visible:ring-2 focus-visible:ring-primary focus-visible:ring-offset-2 disabled:pointer-events-none disabled:opacity-50 aria-disabled:pointer-events-none aria-disabled:opacity-50"`;

exports[`button className baseline (#144) GlassButton white 1`] = `"w-full h-12 flex items-center justify-center gap-2 rounded-md px-3 py-2.5 text-left outline-hidden transition-colors font-semibold bg-card text-ink border border-rule shadow-xs [&>svg]:text-ink [&>svg]:stroke-[2] hover:bg-parchment-deep hover:border-rule-strong focus-visible:ring-2 focus-visible:ring-primary focus-visible:ring-offset-2 disabled:pointer-events-none disabled:opacity-50 aria-disabled:pointer-events-none aria-disabled:opacity-50"`;

exports[`button className baseline (#144) IconButton compact lg 1`] = `"rounded-md transition-[color,background-color,border-color,transform] flex items-center justify-center flex-shrink-0 group border-0 p-1.5 h-11 w-11 text-foreground hover:bg-muted hover:-translate-y-px active:opacity-80 focus-visible:outline-none focus-visible:ring-2 focus-visible:ring-primary focus-visible:ring-offset-2"`;

exports[`button className baseline (#144) IconButton default 1`] = `"rounded-md transition-[color,background-color,border-color,transform] flex items-center justify-center flex-shrink-0 group border-0 p-1.5 h-11 w-11 text-foreground hover:bg-muted hover:-translate-y-px active:opacity-80 focus-visible:outline-none focus-visible:ring-2 focus-visible:ring-primary focus-visible:ring-offset-2"`;

exports[`button className baseline (#144) IconButton disabled 1`] = `"rounded-md transition-[color,background-color,border-color,transform] flex items-center justify-center flex-shrink-0 group border-0 p-1.5 h-11 w-11 text-foreground hover:bg-muted hover:-translate-y-px active:opacity-80 focus-visible:outline-none focus-visible:ring-2 focus-visible:ring-primary focus-visible:ring-offset-2 opacity-50 cursor-not-allowed"`;

exports[`button className baseline (#144) IconButton enhancedActive 1`] = `"rounded-md transition-[color,background-color,border-color,transform] flex items-center justify-center flex-shrink-0 group border-0 p-1.5 h-11 w-11 text-foreground hover:bg-muted hover:-translate-y-px active:opacity-70 active:border active:border-primary/50 focus-visible:outline-none focus-visible:ring-2 focus-visible:ring-primary focus-visible:ring-offset-2"`;

exports[`button className baseline (#144) IconButton enhancedFocus 1`] = `"rounded-md transition-[color,background-color,border-color,transform] flex items-center justify-center flex-shrink-0 group border-0 p-1.5 h-11 w-11 text-foreground hover:bg-muted hover:-translate-y-px active:opacity-80 focus-visible:outline-none focus-visible:ring-2 focus-visible:ring-primary focus-visible:ring-offset-2"`;

exports[`button className baseline (#144) IconButton enhancedHover 1`] = `"rounded-md transition-[color,background-color,border-color,transform] flex items-center justify-center flex-shrink-0 group border-0 p-1.5 h-11 w-11 text-foreground hover:bg-parchment-deep hover:text-ink hover:border hover:border-rule hover:-translate-y-px active:opacity-80 focus-visible:outline-none focus-visible:ring-2 focus-visible:ring-primary focus-visible:ring-offset-2"`;

exports[`button className baseline (#144) IconButton hoverStyle=color 1`] = `"rounded-md transition-[color,background-color,border-color,transform] flex items-center justify-center flex-shrink-0 group border-0 p-1.5 h-11 w-11 text-foreground hover:text-foreground hover:bg-transparent hover:-translate-y-px active:opacity-80 focus-visible:outline-none focus-visible:ring-2 focus-visible:ring-primary focus-visible:ring-offset-2"`;

exports[`button className baseline (#144) IconButton variant=error 1`] = `"rounded-md transition-[color,background-color,border-color,transform] flex items-center justify-center flex-shrink-0 group border-0 p-1.5 h-11 w-11 text-destructive hover:bg-destructive/10 hover:text-destructive hover:-translate-y-px active:opacity-80 focus-visible:outline-none focus-visible:ring-2 focus-visible:ring-primary focus-visible:ring-offset-2"`;

exports[`button className baseline (#144) IconButton variant=primary 1`] = `"rounded-md transition-[color,background-color,border-color,transform] flex items-center justify-center flex-shrink-0 group border-0 p-1.5 h-11 w-11 text-primary hover:bg-primary/10 hover:-translate-y-px active:opacity-80 focus-visible:outline-none focus-visible:ring-2 focus-visible:ring-primary focus-visible:ring-offset-2"`;

exports[`button className baseline (#144) PrimaryButton disabled 1`] = `"gap-2 whitespace-nowrap disabled:pointer-events-none disabled:opacity-50 [&_svg]:pointer-events-none [&_svg:not([class*='size-'])]:size-4 shrink-0 [&_svg]:shrink-0 outline-none focus-visible:border-ring aria-invalid:ring-destructive/20 aria-invalid:border-destructive py-2 has-[>svg]:px-3 group relative overflow-hidden inline-flex items-center justify-center h-12 px-8 rounded-md text-base font-semibold bg-oxblood text-parchment hover:bg-oxblood-deep shadow-sm hover:shadow-md transition-[color,background-color,border-color,box-shadow,transform] hover:-translate-y-px focus-visible:outline-none focus-visible:ring-2 focus-visible:ring-oxblood focus-visible:ring-offset-2 opacity-70 cursor-not-allowed"`;

exports[`button className baseline (#144) PrimaryButton extraction variant 1`] = `"gap-2 whitespace-nowrap disabled:pointer-events-none disabled:opacity-50 [&_svg]:pointer-events-none [&_svg:not([class*='size-'])]:size-4 shrink-0 [&_svg]:shrink-0 outline-none focus-visible:border-ring aria-invalid:ring-destructive/20 aria-invalid:border-destructive py-2 has-[>svg]:px-3 group relative overflow-hidden inline-flex items-center justify-center h-12 px-8 rounded-md text-base font-semibold bg-oxblood text-parchment hover:bg-oxblood-deep shadow-sm hover:shadow-md transition-[color,background-color,border-color,box-shadow,transform] hover:-translate-y-px focus-visible:outline-none focus-visible:ring-2 focus-visible:ring-oxblood focus-visible:ring-offset-2 border border-rule"`;

exports[`button className baseline (#144) PrimaryButton size=lg 1`] = `"gap-2 whitespace-nowrap disabled:pointer-events-none disabled:opacity-50 [&_svg]:pointer-events-none [&_svg:not([class*='size-'])]:size-4 shrink-0 [&_svg]:shrink-0 outline-none focus-visible:border-ring aria-invalid:ring-destructive/20 aria-invalid:border-destructive py-2 has-[>svg]:px-3 group relative overflow-hidden inline-flex items-center justify-center h-14 px-10 rounded-md text-base font-semibold bg-oxblood text-parchment hover:bg-oxblood-deep shadow-sm hover:shadow-md transition-[color,background-color,border-color,box-shadow,transform] hover:-translate-y-px focus-visible:outline-none focus-visible:ring-2 focus-visible:ring-oxblood focus-visible:ring-offset-2"`;

exports[`button className baseline (#144) PrimaryButton size=md 1`] = `"gap-2 whitespace-nowrap disabled:pointer-events-none disabled:opacity-50 [&_svg]:pointer-events-none [&_svg:not([class*='size-'])]:size-4 shrink-0 [&_svg]:shrink-0 outline-none focus-visible:border-ring aria-invalid:ring-destructive/20 aria-invalid:border-destructive py-2 has-[>svg]:px-3 group relative overflow-hidden inline-flex items-center justify-center h-12 px-8 rounded-md text-base font-semibold bg-oxblood text-parchment hover:bg-oxblood-deep shadow-sm hover:shadow-md transition-[color,background-color,border-color,box-shadow,transform] hover:-translate-y-px focus-visible:outline-none focus-visible:ring-2 focus-visible:ring-oxblood focus-visible:ring-offset-2"`;

exports[`button className baseline (#144) PrimaryButton size=sm 1`] = `"gap-2 whitespace-nowrap disabled:pointer-events-none disabled:opacity-50 [&_svg]:pointer-events-none [&_svg:not([class*='size-'])]:size-4 shrink-0 [&_svg]:shrink-0 outline-none focus-visible:border-ring aria-invalid:ring-destructive/20 aria-invalid:border-destructive py-2 has-[>svg]:px-3 group relative overflow-hidden inline-flex items-center justify-center h-9 px-6 rounded-md text-sm font-semibold bg-oxblood text-parchment hover:bg-oxblood-deep shadow-sm hover:shadow-md transition-[color,background-color,border-color,box-shadow,transform] hover:-translate-y-px focus-visible:outline-none focus-visible:ring-2 focus-visible:ring-oxblood focus-visible:ring-offset-2"`;

exports[`button className baseline (#144) PrimaryButton size=xl 1`] = `"gap-2 whitespace-nowrap disabled:pointer-events-none disabled:opacity-50 [&_svg]:pointer-events-none [&_svg:not([class*='size-'])]:size-4 shrink-0 [&_svg]:shrink-0 outline-none focus-visible:border-ring aria-invalid:ring-destructive/20 aria-invalid:border-destructive py-2 has-[>svg]:px-3 group relative overflow-hidden inline-flex items-center justify-center h-16 px-10 rounded-md text-base font-semibold bg-oxblood text-parchment hover:bg-oxblood-deep shadow-sm hover:shadow-md transition-[color,background-color,border-color,box-shadow,transform] hover:-translate-y-px focus-visible:outline-none focus-visible:ring-2 focus-visible:ring-oxblood focus-visible:ring-offset-2"`;

exports[`button className baseline (#144) PrimaryButton with icon 1`] = `"gap-2 whitespace-nowrap disabled:pointer-events-none disabled:opacity-50 [&_svg]:pointer-events-none [&_svg:not([class*='size-'])]:size-4 shrink-0 [&_svg]:shrink-0 outline-none focus-visible:border-ring aria-invalid:ring-destructive/20 aria-invalid:border-destructive py-2 has-[>svg]:px-3 group relative overflow-hidden inline-flex items-center justify-center h-12 px-8 rounded-md text-base font-semibold bg-oxblood text-parchment hover:bg-oxblood-deep shadow-sm hover:shadow-md transition-[color,background-color,border-color,box-shadow,transform] hover:-translate-y-px focus-visible:outline-none focus-visible:ring-2 focus-visible:ring-oxblood focus-visible:ring-offset-2"`;

exports[`button className baseline (#144) SecondaryButton enhancedActive 1`] = `"gap-2 whitespace-nowrap disabled:pointer-events-none disabled:opacity-50 [&_svg]:pointer-events-none [&_svg:not([class*='size-'])]:size-4 shrink-0 [&_svg]:shrink-0 outline-none focus-visible:border-ring aria-invalid:ring-destructive/20 aria-invalid:border-destructive hover:text-accent-foreground py-2 has-[>svg]:px-3 text-sm h-10 px-5 rounded-md inline-flex items-center justify-center transition-[color,background-color,border-color,box-shadow,transform] bg-card text-ink border border-ink shadow-sm hover:bg-parchment-deep hover:-translate-y-px active:opacity-80 active:border-primary font-semibold focus-visible:outline-none focus-visible:ring-2 focus-visible:ring-primary focus-visible:ring-offset-2"`;

exports[`button className baseline (#144) SecondaryButton enhancedFocus 1`] = `"gap-2 whitespace-nowrap disabled:pointer-events-none disabled:opacity-50 [&_svg]:pointer-events-none [&_svg:not([class*='size-'])]:size-4 shrink-0 [&_svg]:shrink-0 outline-none focus-visible:border-ring aria-invalid:ring-destructive/20 aria-invalid:border-destructive hover:text-accent-foreground py-2 has-[>svg]:px-3 text-sm h-10 px-5 rounded-md inline-flex items-center justify-center transition-[color,background-color,border-color,box-shadow,transform] bg-card text-ink border border-ink shadow-sm hover:bg-parchment-deep hover:-translate-y-px active:opacity-90 font-semibold focus-visible:outline-none focus-visible:ring-2 focus-visible:ring-primary focus-visible:ring-offset-2"`;

exports[`button className baseline (#144) SecondaryButton enhancedHover 1`] = `"gap-2 whitespace-nowrap disabled:pointer-events-none disabled:opacity-50 [&_svg]:pointer-events-none [&_svg:not([class*='size-'])]:size-4 shrink-0 [&_svg]:shrink-0 outline-none focus-visible:border-ring aria-invalid:ring-destructive/20 aria-invalid:border-destructive py-2 has-[>svg]:px-3 text-sm h-10 px-5 rounded-md inline-flex items-center justify-center transition-[color,background-color,border-color,box-shadow,transform] bg-card text-ink border border-ink shadow-sm hover:bg-parchment-deep hover:border-oxblood hover:text-oxblood hover:-translate-y-px active:opacity-90 font-semibold focus-visible:outline-none focus-visible:ring-2 focus-visible:ring-primary focus-visible:ring-offset-2"`;

exports[`button className baseline (#144) SecondaryButton size=lg 1`] = `"gap-2 whitespace-nowrap disabled:pointer-events-none disabled:opacity-50 [&_svg]:pointer-events-none [&_svg:not([class*='size-'])]:size-4 shrink-0 [&_svg]:shrink-0 outline-none focus-visible:border-ring aria-invalid:ring-destructive/20 aria-invalid:border-destructive hover:text-accent-foreground py-2 has-[>svg]:px-3 text-base h-11 px-6 rounded-md inline-flex items-center justify-center transition-[color,background-color,border-color,box-shadow,transform] bg-card text-ink border border-ink shadow-sm hover:bg-parchment-deep hover:-translate-y-px active:opacity-90 font-semibold focus-visible:outline-none focus-visible:ring-2 focus-visible:ring-primary focus-visible:ring-offset-2"`;

exports[`button className baseline (#144) SecondaryButton size=md 1`] = `"gap-2 whitespace-nowrap disabled:pointer-events-none disabled:opacity-50 [&_svg]:pointer-events-none [&_svg:not([class*='size-'])]:size-4 shrink-0 [&_svg]:shrink-0 outline-none focus-visible:border-ring aria-invalid:ring-destructive/20 aria-invalid:border-destructive hover:text-accent-foreground py-2 has-[>svg]:px-3 text-sm h-10 px-5 rounded-md inline-flex items-center justify-center transition-[color,background-color,border-color,box-shadow,transform] bg-card text-ink border border-ink shadow-sm hover:bg-parchment-deep hover:-translate-y-px active:opacity-90 font-semibold focus-visible:outline-none focus-visible:ring-2 focus-visible:ring-primary focus-visible:ring-offset-2"`;

exports[`button className baseline (#144) SecondaryButton size=sm 1`] = `"gap-2 whitespace-nowrap disabled:pointer-events-none disabled:opacity-50 [&_svg]:pointer-events-none [&_svg:not([class*='size-'])]:size-4 shrink-0 [&_svg]:shrink-0 outline-none focus-visible:border-ring aria-invalid:ring-destructive/20 aria-invalid:border-destructive hover:text-accent-foreground py-2 has-[>svg]:px-3 text-sm h-9 px-4 rounded-md inline-flex items-center justify-center transition-[color,background-color,border-color,box-shadow,transform] bg-card text-ink border border-ink shadow-sm hover:bg-parchment-deep hover:-translate-y-px active:opacity-90 font-semibold focus-visible:outline-none focus-visible:ring-2 focus-visible:ring-primary focus-visible:ring-offset-2"`;

exports[`button className baseline (#144) TextButton default 1`] = `"flex items-center gap-2 text-sm font-medium text-muted-foreground hover:text-foreground active:opacity-80 transition-colors duration-200 group focus-visible:outline-none focus-visible:ring-2 focus-visible:ring-primary focus-visible:ring-offset-2"`;

exports[`button className baseline (#144) TextButton disabled 1`] = `"flex items-center gap-2 text-sm font-medium text-muted-foreground hover:text-foreground active:opacity-80 transition-colors duration-200 group focus-visible:outline-none focus-visible:ring-2 focus-visible:ring-primary focus-visible:ring-offset-2 opacity-50 cursor-not-allowed"`;
